// Jest Snapshot v1, https://goo.gl/fbAQLP

exports[`should match snapshot 1`] = `
<DocumentFragment>
  <div
    style="text-decoration: none;"
  />
  <button>
    Edit
  </button>
  <button>
    Mark as completed
  </button>
  <button>
    x
  </button>
</DocumentFragment>
`;
